https://raw.githubusercontent.com/weirichd/Roman_Arithmetic/master/src/romarth.c
https://raw.githubusercontent.com/simon-katz/london-clojure-dojo-2013-07-30-team-4/master/src/clojure_dojo_2013_07/core.clj
https://raw.githubusercontent.com/girishsg24/Roman-Numerals/master/RomanNumeral.cpp
https://raw.githubusercontent.com/Empty322/RomanArithmetic/main/RomanArithmetic/Calculator.cs
https://raw.githubusercontent.com/dkin-om/romanice-dart/master/example/main.dart
https://raw.githubusercontent.com/ankeeper/awesomeProject----Calc/main/awesome.go
https://raw.githubusercontent.com/jvcalderon/h-roman-numbers/master/src/RomanNumbers.hs
https://raw.githubusercontent.com/teoretik-eugene/calculatorjs/main/calculator.html
https://raw.githubusercontent.com/mertgoksel/number_to_roman/master/romannum.ipynb
https://raw.githubusercontent.com/ImEngineerDew/JavaFiles/master/Challenges/CodeAbbey/number329/src/Main.java
https://raw.githubusercontent.com/harryscholes/RomanNumerals.jl/master/src/RomanNumerals.jl
https://raw.githubusercontent.com/mayurpatil1211/roman_number_calculator/master/js/main.js
https://raw.githubusercontent.com/Albertucho22/romanNumbers/master/src/RomanNumber.kt
https://raw.githubusercontent.com/saurabhshukla-developer/arithmeticOperationsOnRomanNumbers/master/final.php
https://raw.githubusercontent.com/ravijha77/Roman-numerals-Calculator/master/roman.py
https://raw.githubusercontent.com/CheezItMan/Roman_Number/master/lib/Roman_Number.rb
https://raw.githubusercontent.com/mdmundo/roman/develop/src/main.rs
https://raw.githubusercontent.com/vgalcenco/RomanNumbers/master/src/main/scala-2.12/RomanNumbersConverter.scala
https://raw.githubusercontent.com/jedhabush/Numbers-To-RomansNumbers-Convertor/main/Roman-Numbers-Convertor/main.scss
https://raw.githubusercontent.com/molmedo/RomanNumber/master/RomanNumber/ArabicToRomanCalculator.swift
https://raw.githubusercontent.com/virgil-av/numbers-to-words-romanian/master/src/index.ts
https://raw.githubusercontent.com/Rommelagr/Assembly-roman-numeral-calculator/master/NumRom
