https://raw.githubusercontent.com/Joshua-Bonner/PythagoreanTriples/master/PythagoreanTriples.asm
https://raw.githubusercontent.com/Fabrizio-Caruso/Primitive-Pythagorean-Triples/master/PPT.c
https://raw.githubusercontent.com/lagenorhynque/PythagoreanTripleGenerator/master/pythagorean_triple_generator2.clj
https://raw.githubusercontent.com/yogthos/reagent-pythagorean-tree/master/src/pythagoras_tree/core.cljs
https://gist.githubusercontent.com/rwaldron/1001618/raw/34a2cca1cf4ed0d5ab7b477adfe9892b3ddacba0/ProjectEuler.coffee
https://raw.githubusercontent.com/Pratik-Chhajer/codeforces/master/707C%20-%20Pythagorean%20Triples.cpp
https://raw.githubusercontent.com/MahmoudAlyosify/PythagoreanTriples/main/Pythagorean%20Triples%20-%20Windows%20Form/Pythagorean%20Triples%20-%20Windows%20Form/Form1.cs
https://raw.githubusercontent.com/NikitaShevchik/Pythagorean-triple/master/css/style.css
https://raw.githubusercontent.com/atilaneves/pythagoras/master/generator.d
https://raw.githubusercontent.com/davearonson/exercism-solutions/487b3791ac55592f58d23e2a43d2434317963721/elixir/pythagorean-triplet/pythagorean_triplet.exs
https://raw.githubusercontent.com/bhermanmit/Fortran/master/Lecture_2/examples/pythag.f90
https://raw.githubusercontent.com/Planet-Source-Code/shark-pythagorean-triples-enhanced__1-53571/master/p4.frm
https://raw.githubusercontent.com/lopesivan/upstream/51672d47a29b453deaa9b82d8eeb8ade0f437205/RosettaCodeData/Task/Pythagorean-triples/Forth/pythagorean-triples.fth
https://raw.githubusercontent.com/firebitsbr/pythagorean-triples/master/pyth_triple.go
https://raw.githubusercontent.com/chemouna/LearningHaskell/7093735f3fd5a1c21dc8d6d0dd245c51ec705d67/src/PythagoreanTriples.hs
https://raw.githubusercontent.com/lexterror/Pythagorean-Numerology-Calculator/master/pnc.html
https://raw.githubusercontent.com/dsernag/CodeabbeySolutions/main/problem054.hy
https://raw.githubusercontent.com/rwillim/PythagoreanTriples/master/PythagoreanTriples.ipynb
https://raw.githubusercontent.com/ImEngineerDew/JavaFiles/master/Challenges/CodeAbbey/number054/src/recursivePythagoras.java
https://raw.githubusercontent.com/Tim-Gaede/Pythagorean-Triplets-Generators/master/function%20pythagTriplets.jl
https://raw.githubusercontent.com/dsernst/pythagorean-triples/master/index.js
https://raw.githubusercontent.com/outsu/Pythagorean-Triples-Algorithm/main/pythagorean_triple.m
https://raw.githubusercontent.com/sblendorio/pythagorean-triples/master/source/pythagor.mod
https://raw.githubusercontent.com/ISS-RabbitEars/pythagorean_triples_mathematica/main/pythtrip.nb
https://raw.githubusercontent.com/daBoehmer/PythagoreanTriple/main/unit1.pas
https://raw.githubusercontent.com/Simonecimolato/Triples/master/pitagora.pde
https://raw.githubusercontent.com/Ihor-B/PHP-OOP-Counting-Pythagorean-Triples/master/classes/counting.php
https://raw.githubusercontent.com/pastelito02/Challenges-sol/master/Programming/Codeabbey/054/tomw.py
https://raw.githubusercontent.com/jimmykarily/pythagorean_triples/master/run.rb
https://raw.githubusercontent.com/madalinazanficu/Pythagorean-Triples-and-Cryptographic-Coding/master/cryptosystem.rkt
https://raw.githubusercontent.com/WMagueta/PythagoreanArea/main/src/main.rs
https://raw.githubusercontent.com/benjaminparker/pythagorean-triplet/master/src/main/scala/PythagoreanTriplet.scala
https://raw.githubusercontent.com/samdindyal/PythagoreanTheorem/master/PythagoreanTheorem/Triangle.swift
https://raw.githubusercontent.com/tbfarrell/The-Number-Theory-and-Application-of-Pythagorean-Triples/main/main.tex
https://raw.githubusercontent.com/avikor/csp_front_end/42104f36adf8020b5cafcf11c3e6bf1af7494af7/src/app/components/tabs/pythagorean-triples/pythagorean-triples.component.spec.ts
https://raw.githubusercontent.com/LarsZauberer/Pythagorean_triple_generator/master/vb.net/Pythagorean%20triple%20generator/Pythagorean%20triple%20generator/Form1.vb
