https://raw.githubusercontent.com/JosephTLyons/MIPS-Assembly-Sum-Loop/master/SumLoop.asm
https://raw.githubusercontent.com/lllllll-llll-llllll/codeabbey_autoit/master/03.au3
https://raw.githubusercontent.com/RyanLafferty/CodeAbbey/master/p3.c
https://raw.githubusercontent.com/spokenlore/CodeAbbey/master/Beginner/3.%20sumsInLoops/SumsInLoop.cpp
https://raw.githubusercontent.com/Tempurturtul/CodeAbbey/master/C%23/SumLoop.cs
https://raw.githubusercontent.com/alchemz/cuda-expand-prefix-sum-calculation/master/scan.cu
https://raw.githubusercontent.com/SebastianHerrera/DartProblems/master/sums_in_loops.dart
https://raw.githubusercontent.com/vinitkantrod/go-codeabbey/master/03_sums_in_loop/main.go
https://raw.githubusercontent.com/ApondiH/Sum-of-array-of-integers/main/PYTHON%20ASSIGNMENT%20WEEK%202.ipynb
https://raw.githubusercontent.com/ImEngineerDew/JavaFiles/master/Challenges/CodeAbbey/number003/src/Main.java
https://raw.githubusercontent.com/pb866/VectorMaths/master/src/vector_mean_and_sum.jl
https://raw.githubusercontent.com/jsenne/Code-Abbey-Solutions/master/003_SumsInLoop.js
https://raw.githubusercontent.com/chriswood/codeabbey/master/ca3.lisp
https://raw.githubusercontent.com/abdullahmujahidali/stunning-tribble-MATLAB/master/code.m
https://raw.githubusercontent.com/MadcapJake/codeabbey-problems/master/perl6/sums-in-loop/sums-in-loop.pl
https://raw.githubusercontent.com/Xzya/CodeAbbeySolutions/master/SumsInLoop.py
https://raw.githubusercontent.com/LuisPatino92/fluid_attacks_recruitment_process-ExternalSolutions/main/002/codeabbey002.py0
https://raw.githubusercontent.com/LuisPatino92/fluid_attacks_recruitment_process-ExternalSolutions/main/002/codeabbey002.py1
https://raw.githubusercontent.com/LuisPatino92/fluid_attacks_recruitment_process-ExternalSolutions/main/002/codeabbey002.py2
https://raw.githubusercontent.com/LuisPatino92/fluid_attacks_recruitment_process-ExternalSolutions/main/002/codeabbey002.py3
https://raw.githubusercontent.com/LuisPatino92/fluid_attacks_recruitment_process-ExternalSolutions/main/002/codeabbey002.py4
https://raw.githubusercontent.com/LuisPatino92/fluid_attacks_recruitment_process-ExternalSolutions/main/002/codeabbey002.py5
https://raw.githubusercontent.com/LuisPatino92/fluid_attacks_recruitment_process-ExternalSolutions/main/002/codeabbey002.py6
https://raw.githubusercontent.com/LuisPatino92/fluid_attacks_recruitment_process-ExternalSolutions/main/002/codeabbey002.py7
https://raw.githubusercontent.com/LuisPatino92/fluid_attacks_recruitment_process-ExternalSolutions/main/002/codeabbey002.py8
https://raw.githubusercontent.com/LuisPatino92/fluid_attacks_recruitment_process-ExternalSolutions/main/002/codeabbey002.py9
https://raw.githubusercontent.com/LuisPatino92/fluid_attacks_recruitment_process-ExternalSolutions/main/002/codeabbey002.py91
https://raw.githubusercontent.com/LuisPatino92/fluid_attacks_recruitment_process-ExternalSolutions/main/002/codeabbey002.py92
https://raw.githubusercontent.com/LuisPatino92/fluid_attacks_recruitment_process-ExternalSolutions/main/002/codeabbey002.py93
https://raw.githubusercontent.com/marclerodrigues/ruby_exercises/master/sums_in_loops.rb
https://raw.githubusercontent.com/vandenheuvel/cumsum/master/src/lib.rs
https://raw.githubusercontent.com/rogerjdeangelis/utl-using-bit-sums-as-indexes-into-an-array/master/utl-using-bit-sums-as-indexes-into-an-array.sas
https://raw.githubusercontent.com/andriiko/two-sum-finder/main/src/main/scala/com/example/TwoSumMath.scala
https://raw.githubusercontent.com/roselloryan/Day10-HackerRank/master/Day10-HackerRank/main.swift
https://raw.githubusercontent.com/fincht96/Two-Sum-Problem/prod/src/two-sum.ts
https://raw.githubusercontent.com/Piyushchauhan1999/calculator-bcd/main/calculator.txt
