https://raw.githubusercontent.com/johnymontana/OpenGL-3D-scene/master/GLee.c
https://raw.githubusercontent.com/bbrownrichardson/Navigable-3D-Scene/master/main.cpp
https://raw.githubusercontent.com/jeske/SimpleScene/master/SimpleScene/SSObject.cs
https://raw.githubusercontent.com/Brian-Magomere-Igadwa/3d-scene-vitejs-3js/main/style.css
https://raw.githubusercontent.com/AlecAcosta/Simple-character-controller/main/Player.gd
https://raw.githubusercontent.com/TaKeTube/HaScene/main/src/HaScene.hs
https://raw.githubusercontent.com/programmatio/WebGL-step-by-step/master/006-Animation.html
https://raw.githubusercontent.com/CodeAbbey/simple-scene-3d/gh-pages/scene3d.js
https://raw.githubusercontent.com/jvm-graphics-labs/modern-jogl-examples/master/src/main/kotlin/main/tut15/manyImages.kt
https://raw.githubusercontent.com/xiejiangzhi/model_renderer/master/src/scene.lua
https://raw.githubusercontent.com/zebaKarishma/Augmented-Reality-Viewer/master/src/transform.m
https://raw.githubusercontent.com/jensbrak/tracer/main/src/main.ml
https://raw.githubusercontent.com/wautel/processing_scene/master/wautelet_2926395_assignment2.pde
https://raw.githubusercontent.com/as-a-service/render/master/function.py
https://raw.githubusercontent.com/rheactive/simple_3d_scene/main/src/main.rs
https://raw.githubusercontent.com/Meltus645/3d-animation-scene/master/style.scss
https://raw.githubusercontent.com/brianadvent/HitTheTree/master/HitTheTree/GameViewController.swift
https://raw.githubusercontent.com/moein459/vue-trois-sample/master/src/App.vue
