https://raw.githubusercontent.com/stefanos1316/Rosetta_Code_Research_MSR/master/Scripts/Task/sorting-algorithms-bubble-sort/acl2/sorting-algorithms-bubble-sort.acl2
https://raw.githubusercontent.com/stefanos1316/Rosetta_Code_Research_MSR/master/Scripts/Task/sorting-algorithms-bubble-sort/autohotkey/sorting-algorithms-bubble-sort.ahk
https://raw.githubusercontent.com/stefanos1316/Rosetta_Code_Research_MSR/master/Scripts/Task/sorting-algorithms-bubble-sort/algol-68/sorting-algorithms-bubble-sort.alg
https://raw.githubusercontent.com/stefanos1316/Rosetta_Code_Research_MSR/master/Scripts/Task/sorting-algorithms-bubble-sort/actionscript/sorting-algorithms-bubble-sort.as
https://raw.githubusercontent.com/acai422/Bubble-Sort/master/BubbleSort.asm
https://raw.githubusercontent.com/lllllll-llll-llllll/codeabbey_autoit/master/27.au3
https://raw.githubusercontent.com/stefanos1316/Rosetta_Code_Research_MSR/master/Scripts/Task/sorting-algorithms-bubble-sort/awk/sorting-algorithms-bubble-sort-1.awk
https://raw.githubusercontent.com/AngryMaciek/angry-bubblefuck/master/bubblesort.b
https://raw.githubusercontent.com/stefanos1316/Rosetta_Code_Research_MSR/master/Scripts/Task/sorting-algorithms-bubble-sort/basic/sorting-algorithms-bubble-sort.basic
https://raw.githubusercontent.com/stefanos1316/Rosetta_Code_Research_MSR/master/Scripts/Task/sorting-algorithms-bubble-sort/bbc-basic/sorting-algorithms-bubble-sort.bbc
https://raw.githubusercontent.com/lv100tomato/BubbleSortLanguage/master/BFtoBSL/catBF.bf
https://raw.githubusercontent.com/PauOrtiz/Algoritmos_de_ordenamiento_C/master/ordenamiento_burbuja.c
https://raw.githubusercontent.com/pastelito02/Challenges-sol/master/Programming/Codeabbey/027/longback160.cc
https://raw.githubusercontent.com/chapeldev/cdo/master/example/exmysql.chpl
https://raw.githubusercontent.com/stefanos1316/Rosetta_Code_Research_MSR/master/Scripts/Task/sorting-algorithms-bubble-sort/clean/sorting-algorithms-bubble-sort-1.clean
https://raw.githubusercontent.com/JulianBirch/cljs-ajax/master/src/ajax/core.cljc
https://raw.githubusercontent.com/stefanos1316/Rosetta_Code_Research_MSR/master/Scripts/Task/sorting-algorithms-bubble-sort/cmake/sorting-algorithms-bubble-sort-1.cmake
https://raw.githubusercontent.com/stefanos1316/Rosetta_Code_Research_MSR/master/Scripts/Task/sorting-algorithms-bubble-sort/cobol/sorting-algorithms-bubble-sort.cobol
https://raw.githubusercontent.com/codebreaker003/Bubble-Sort/master/algorithm/bubblesort.cpp
https://raw.githubusercontent.com/0ndreu/SortingWithThreads/master/SomeSorts/SomeSorts/Bubble.cs
https://raw.githubusercontent.com/master-hpc/mp-generic-bubble-sort/master/generic-bubble-sort.cu
https://raw.githubusercontent.com/pastelito02/Challenges-sol/master/Programming/Codeabbey/027/Ratzenfutz.d
https://raw.githubusercontent.com/dartsidedev/grind75/main/test/add_binary_test.dart
https://raw.githubusercontent.com/stefanos1316/Rosetta_Code_Research_MSR/master/Scripts/Task/sorting-algorithms-bubble-sort/delphi/sorting-algorithms-bubble-sort.delphi
https://raw.githubusercontent.com/stefanos1316/Rosetta_Code_Research_MSR/master/Scripts/Task/sorting-algorithms-bubble-sort/e/sorting-algorithms-bubble-sort.e
https://raw.githubusercontent.com/stefanos1316/Rosetta_Code_Research_MSR/master/Scripts/Task/sorting-algorithms-bubble-sort/elixir/sorting-algorithms-bubble-sort.elixir
https://raw.githubusercontent.com/stefanos1316/Rosetta_Code_Research_MSR/master/Scripts/Task/sorting-algorithms-bubble-sort/erlang/sorting-algorithms-bubble-sort.erl
https://raw.githubusercontent.com/stefanos1316/Rosetta_Code_Research_MSR/master/Scripts/Task/sorting-algorithms-bubble-sort/erre/sorting-algorithms-bubble-sort.erre
https://raw.githubusercontent.com/darkbaby123/algorithm-bubble-sort/master/elixir/lib/bubble_sort_3.ex
https://raw.githubusercontent.com/stefanos1316/Rosetta_Code_Research_MSR/master/Scripts/Task/sorting-algorithms-bubble-sort/ezhil/sorting-algorithms-bubble-sort.ezhil
https://raw.githubusercontent.com/stefanos1316/Rosetta_Code_Research_MSR/master/Scripts/Task/sorting-algorithms-bubble-sort/fortran/sorting-algorithms-bubble-sort.f
https://raw.githubusercontent.com/aristotelis86/SortingAlgorithms/master/QuickSort/QuickSort_mod.f03
https://raw.githubusercontent.com/stefanos1316/Rosetta_Code_Research_MSR/master/Scripts/Task/sorting-algorithms-bubble-sort/factor/sorting-algorithms-bubble-sort-1.factor
https://raw.githubusercontent.com/stefanos1316/Rosetta_Code_Research_MSR/master/Scripts/Task/sorting-algorithms-bubble-sort/fish/sorting-algorithms-bubble-sort.fish
https://raw.githubusercontent.com/pastelito02/Challenges-sol/master/Programming/Codeabbey/027/siloimwald.fs
https://raw.githubusercontent.com/stefanos1316/Rosetta_Code_Research_MSR/master/Scripts/Task/sorting-algorithms-bubble-sort/forth/sorting-algorithms-bubble-sort-1.fth
https://raw.githubusercontent.com/netseac/bubbleSort/master/bubble.go
https://raw.githubusercontent.com/stefanos1316/Rosetta_Code_Research_MSR/master/Scripts/Task/sorting-algorithms-bubble-sort/groovy/sorting-algorithms-bubble-sort-1.groovy
https://raw.githubusercontent.com/stefanos1316/Rosetta_Code_Research_MSR/master/Scripts/Task/sorting-algorithms-bubble-sort/hicest/sorting-algorithms-bubble-sort.hicest
https://raw.githubusercontent.com/zhizhen/thewar/3b5c5369072d9a09afc628d42cad640c7a4fae7c/server/include/common.hrl
https://raw.githubusercontent.com/SupratikRulz/algorithm-visualizer/master/index.html
https://raw.githubusercontent.com/statm/bubble-sort-benchmark/master/HxBubbleSort/src/statm/explore/bubbleSortBenchmark/BubbleSortArraySwap.hx
https://raw.githubusercontent.com/stefanos1316/Rosetta_Code_Research_MSR/master/Scripts/Task/sorting-algorithms-bubble-sort/icon/sorting-algorithms-bubble-sort-1.icon
https://raw.githubusercontent.com/SEUNAKINTOLA/FingerTempToDB/master/sendTemplateToDb.ino
https://raw.githubusercontent.com/stefanos1316/Rosetta_Code_Research_MSR/master/Scripts/Task/sorting-algorithms-bubble-sort/io/sorting-algorithms-bubble-sort.io
https://raw.githubusercontent.com/rishabh3000/implementation_of_bubble_sort_Algo/main/implementation_of_bubble_sort_Algo.ipynb
https://raw.githubusercontent.com/stefanos1316/Rosetta_Code_Research_MSR/master/Scripts/Task/sorting-algorithms-bubble-sort/j/sorting-algorithms-bubble-sort-1.j
https://raw.githubusercontent.com/ImEngineerDew/JavaFiles/master/RandomProjects/BubbleSort/src/BubbleSort.java
https://raw.githubusercontent.com/pastelito02/Challenges-sol/master/Programming/Codeabbey/027/kittyaurel.jl
https://raw.githubusercontent.com/stefanos1316/Rosetta_Code_Research_MSR/master/Scripts/Task/sorting-algorithms-bubble-sort/jq/sorting-algorithms-bubble-sort-1.jq
https://raw.githubusercontent.com/McQuinTrix/CodeAbbey/master/27.%20Bubble_Sort.js
https://raw.githubusercontent.com/stefanos1316/Rosetta_Code_Research_MSR/master/Scripts/Task/sorting-algorithms-bubble-sort/julia/sorting-algorithms-bubble-sort.julia
https://raw.githubusercontent.com/stefanos1316/Rosetta_Code_Research_MSR/master/Scripts/Task/sorting-algorithms-selection-sort/picolisp/sorting-algorithms-selection-sort.l
https://raw.githubusercontent.com/stefanos1316/Rosetta_Code_Research_MSR/master/Scripts/Task/sorting-algorithms-bubble-sort/liberty-basic/sorting-algorithms-bubble-sort.liberty
https://raw.githubusercontent.com/stefanos1316/Rosetta_Code_Research_MSR/master/Scripts/Task/sorting-algorithms-bubble-sort/lisaac/sorting-algorithms-bubble-sort.lisaac
https://raw.githubusercontent.com/chriswood/codeabbey/master/caid27.lisp
https://raw.githubusercontent.com/pastelito02/Challenges-sol/master/Programming/Codeabbey/027/memstick.lua
https://raw.githubusercontent.com/stefanos1316/Rosetta_Code_Research_MSR/master/Scripts/Task/sorting-algorithms-bubble-sort/lucid/sorting-algorithms-bubble-sort.lucid
https://raw.githubusercontent.com/h09shais/Bubble-sort/master/BubbleSortFinal.m
https://raw.githubusercontent.com/stefanos1316/Rosetta_Code_Research_MSR/master/Scripts/Task/sorting-algorithms-bubble-sort/mathematica/sorting-algorithms-bubble-sort.math
https://raw.githubusercontent.com/stefanos1316/Rosetta_Code_Research_MSR/master/Scripts/Task/sorting-algorithms-bubble-sort/maxscript/sorting-algorithms-bubble-sort-1.max
https://raw.githubusercontent.com/pastelito02/Challenges-sol/master/Programming/Codeabbey/027/stefan.schmiedl.ml
https://raw.githubusercontent.com/stefanos1316/Rosetta_Code_Research_MSR/master/Scripts/Task/sorting-algorithms-bubble-sort/mmix/sorting-algorithms-bubble-sort.mmix
https://raw.githubusercontent.com/stefanos1316/Rosetta_Code_Research_MSR/master/Scripts/Task/sorting-algorithms-bubble-sort/modula-2/sorting-algorithms-bubble-sort.mod2
https://raw.githubusercontent.com/stefanos1316/Rosetta_Code_Research_MSR/master/Scripts/Task/sorting-algorithms-bubble-sort/modula-3/sorting-algorithms-bubble-sort.mod3
https://raw.githubusercontent.com/stefanos1316/Rosetta_Code_Research_MSR/master/Scripts/Task/sorting-algorithms-bubble-sort/nemerle/sorting-algorithms-bubble-sort-1.nemerle
https://raw.githubusercontent.com/stefanos1316/Rosetta_Code_Research_MSR/master/Scripts/Task/sorting-algorithms-bubble-sort/netrexx/sorting-algorithms-bubble-sort-1.netrexx
https://raw.githubusercontent.com/stefanos1316/Rosetta_Code_Research_MSR/master/Scripts/Task/sorting-algorithms-bubble-sort/nim/sorting-algorithms-bubble-sort.nim
https://raw.githubusercontent.com/stefanos1316/Rosetta_Code_Research_MSR/master/Scripts/Task/sorting-algorithms-bubble-sort/objeck/sorting-algorithms-bubble-sort.objeck
https://raw.githubusercontent.com/stefanos1316/Rosetta_Code_Research_MSR/master/Scripts/Task/sorting-algorithms-bubble-sort/octave/sorting-algorithms-bubble-sort-1.octave
https://raw.githubusercontent.com/stefanos1316/Rosetta_Code_Research_MSR/master/Scripts/Task/sorting-algorithms-bubble-sort/oz/sorting-algorithms-bubble-sort-1.oz
https://raw.githubusercontent.com/stefanos1316/Rosetta_Code_Research_MSR/master/Scripts/Task/sorting-algorithms-selection-sort/pari-gp/sorting-algorithms-selection-sort.pari
https://raw.githubusercontent.com/EnocPAguirre/BubbleSort/master/bubleSort.pde
https://raw.githubusercontent.com/stefanos1316/Rosetta_Code_Research_MSR/master/Scripts/Task/sorting-algorithms-selection-sort/phix/sorting-algorithms-selection-sort.phix
https://raw.githubusercontent.com/mpeshehonov/Codeabbey/master/practice/%2327/index.php
https://raw.githubusercontent.com/VFPX/FoxUnit/master/FoxUnit/Tests/ThorTest.prg
https://raw.githubusercontent.com/stefanos1316/Rosetta_Code_Research_MSR/master/Scripts/Task/sorting-algorithms-selection-sort/prolog/sorting-algorithms-selection-sort.pro
https://raw.githubusercontent.com/stefanos1316/Rosetta_Code_Research_MSR/master/Scripts/Task/sorting-algorithms-selection-sort/powershell/sorting-algorithms-selection-sort.psh
https://raw.githubusercontent.com/pastelito02/Challenges-sol/master/Programming/Codeabbey/027/vladegorov.py
https://raw.githubusercontent.com/geekkuldeep/djangoPro/0a6c329c997a935f14c9c09c26590d1c5cb56bc8/Cython-0.28.1/tests/run/pure.pyx
https://raw.githubusercontent.com/stefanos1316/Rosetta_Code_Research_MSR/master/Scripts/Task/sorting-algorithms-selection-sort/qi/sorting-algorithms-selection-sort.qi
https://raw.githubusercontent.com/stefanos1316/Rosetta_Code_Research_MSR/master/Scripts/Task/sorting-algorithms-selection-sort/r/sorting-algorithms-selection-sort-1.r
https://raw.githubusercontent.com/stefanos1316/Rosetta_Code_Research_MSR/master/Scripts/Task/sorting-algorithms-selection-sort/ra/sorting-algorithms-selection-sort.ra
https://raw.githubusercontent.com/learn-co-curriculum/bubble-sort/master/ruby/bubble_sort.rb
https://raw.githubusercontent.com/stefanos1316/Rosetta_Code_Research_MSR/master/Scripts/Task/sorting-algorithms-selection-sort/rexx/sorting-algorithms-selection-sort.rexx
https://raw.githubusercontent.com/stefanos1316/Rosetta_Code_Research_MSR/master/Scripts/Task/sorting-algorithms-selection-sort/ring/sorting-algorithms-selection-sort.ring
https://raw.githubusercontent.com/stefanos1316/Rosetta_Code_Research_MSR/master/Scripts/Task/sorting-algorithms-selection-sort/racket/sorting-algorithms-selection-sort.rkt
https://raw.githubusercontent.com/emilk/drop-merge-sort/master/src/dmsort.rs
https://raw.githubusercontent.com/stefanos1316/Rosetta_Code_Research_MSR/master/Scripts/Task/sorting-algorithms-selection-sort/run-basic/sorting-algorithms-selection-sort.run
https://raw.githubusercontent.com/kikemadrigal/MSX1-Desktop-fusion-c-ahorcado/667fb085f4e253da48372e454a19d417cce088ea/fusion-c/source/lib/vdp_graph1.s
https://raw.githubusercontent.com/stefanos1316/Rosetta_Code_Research_MSR/master/Scripts/Task/sorting-algorithms-selection-sort/seed7/sorting-algorithms-selection-sort.seed7
https://raw.githubusercontent.com/stefanos1316/Rosetta_Code_Research_MSR/master/Scripts/Task/sorting-algorithms-selection-sort/sidef/sorting-algorithms-selection-sort.sidef
https://raw.githubusercontent.com/LambdaSchool/ios-bubble-sort-swift-challenge/master/bubbleSort.playground/Contents.swift
https://raw.githubusercontent.com/stefanos1316/Rosetta_Code_Research_MSR/master/Scripts/Task/sorting-algorithms-selection-sort/tcl/sorting-algorithms-selection-sort.tcl
https://raw.githubusercontent.com/latex3/latex3/main/texmf/tex/latex/base/ltxcheck.tex
https://raw.githubusercontent.com/saanny/bubble-sorting/main/src/Sorter.ts
https://raw.githubusercontent.com/stefanos1316/Rosetta_Code_Research_MSR/master/Scripts/Task/sorting-algorithms-selection-sort/ursala/sorting-algorithms-selection-sort-1.ursala
https://raw.githubusercontent.com/jamshed/Formal-Verification-of-Bubble-Sort/master/Sort.v
https://raw.githubusercontent.com/pastelito02/Challenges-sol/master/Programming/Codeabbey/027/Guy-Gervais.vb
https://raw.githubusercontent.com/stefanos1316/Rosetta_Code_Research_MSR/master/Scripts/Task/sorting-algorithms-selection-sort/vba/sorting-algorithms-selection-sort.vba
https://raw.githubusercontent.com/YohanCurbelo/BubbleSort/master/BubbleSort.vhd
https://raw.githubusercontent.com/vuejs/vue-hackernews/gh-pages/src/components/Comment.vue
