https://raw.githubusercontent.com/sasanejbari1/Assembly_Area_Triangle/main/triangle.asm
https://raw.githubusercontent.com/lllllll-llll-llllll/codeabbey_autoit/master/09.au3
https://raw.githubusercontent.com/Karly-Mantilla/codeabbey-external-solutions/master/009-triangles/009-triangles.bf
https://raw.githubusercontent.com/phuclevinh2000/CodeAbbey/master/Triangles.c
https://raw.githubusercontent.com/gravoo/codeabbey/master/Triangles%20.cpp
https://raw.githubusercontent.com/Tempurturtul/CodeAbbey/master/C%23/Triangles.cs
https://raw.githubusercontent.com/zinofrankie77/Area-of-a-triangle/master/index.css
https://raw.githubusercontent.com/Karly-Mantilla/codeabbey-external-solutions/master/009-triangles/009-triangles%20.d
https://raw.githubusercontent.com/jcmellado/dart-challenges/master/Level%201/Horse-racing%20Duals/solution2.dart
https://raw.githubusercontent.com/boryssemeniuk/Triangle/master/triangle.dpr
https://raw.githubusercontent.com/Karly-Mantilla/codeabbey-external-solutions/master/009-triangles/009-triangles.f
https://raw.githubusercontent.com/aditi0009/Triangle_area/master/triangle_area.f95
https://raw.githubusercontent.com/Karly-Mantilla/codeabbey-external-solutions/master/009-triangles/009-triangles.fs
https://raw.githubusercontent.com/vinitkantrod/go-codeabbey/master/17_triangles/main.go
https://raw.githubusercontent.com/skilled19/sols/master/harv/codeabbey-9-triangles.hs
https://raw.githubusercontent.com/dsernag/CodeabbeySolutions/main/problem009.hy
https://raw.githubusercontent.com/Mogamat-S23/Area-of-triangle/main/index.html
https://raw.githubusercontent.com/ValdemarBirkegaardPetersen/WaveformMixer_SoundIncluded/main/WaveformMixer.ino
https://raw.githubusercontent.com/bkawan/codeabbey_python/master/problem-9.ipynb
https://raw.githubusercontent.com/ImEngineerDew/JavaFiles/master/Challenges/CodeAbbey/number009/src/TrianglesRecursive.java
https://raw.githubusercontent.com/skilled19/sols/master/harv/codeabbey-9-triangles.jl
https://raw.githubusercontent.com/DylanLenz/codeAbbey_Solutions_JavaScript/master/triangles_codeAbbey_9.js
https://raw.githubusercontent.com/chriswood/codeabbey/master/caid9.lisp
https://raw.githubusercontent.com/Hoodster/UniversityOfTechnology_TriangleChecker/master/FirstProject.lpr
https://raw.githubusercontent.com/Karly-Mantilla/codeabbey-external-solutions/master/009-triangles/009-triangles%20.lua
https://raw.githubusercontent.com/skilled19/sols/master/harv/codeabbey-9-triangles.ml
https://github.com/ErrorThree/Unit2-04-HTML-AreaTriangle/blob/main/replit.nix
https://raw.githubusercontent.com/Karly-Mantilla/codeabbey-external-solutions/master/009-triangles/009-triangles.ocaml
https://raw.githubusercontent.com/m0wh/generative-portraits/master/portraits.pde
https://raw.githubusercontent.com/mpeshehonov/Codeabbey/master/practice/%239/index.php
https://raw.githubusercontent.com/ValeWasTaken/CodeAbbey_Solutions/master/Python/id009-Triangles.py
https://raw.githubusercontent.com/Karly-Mantilla/codeabbey-external-solutions/master/009-triangles/009-triangles.r
https://raw.githubusercontent.com/John-Russell/CodeAbbey/master/Triangles.rb
https://raw.githubusercontent.com/atvaccaro/learns/64f2fe3bee40d97f3c9a35c3202b6baa50edd3cb/codeabbey/9/src/main.rs
https://raw.githubusercontent.com/Karly-Mantilla/codeabbey-external-solutions/master/009-triangles/009-triangles.scheme
https://raw.githubusercontent.com/ArtemVasilenko/GravityTriangleBuilder/master/GravityTriangleBuilder/Triangle.swift
https://raw.githubusercontent.com/KeshavRoy/area_of_triangle/main/main.tex
https://raw.githubusercontent.com/basit21740/ics4u-assigment04-ts/main/src/TriangleClassFile.ts
https://raw.githubusercontent.com/skilled19/sols/master/harv/codeabbey-9-triangles.vb
https://raw.githubusercontent.com/JesseClarkND/codeabbey_in_C-NET/master/Triangles
