https://raw.githubusercontent.com/Ugric/pythagoras/master/pythagoras.ar
https://raw.githubusercontent.com/sschoellerSTEM/asm-right-triangle-check/master/right_triangle_ck.asm
https://raw.githubusercontent.com/lllllll-llll-llllll/codeabbey_autoit/master/104.au3
https://raw.githubusercontent.com/Karly-Mantilla/codeabbey-external-solutions/master/104-area-of-a-triangle/104-triangle-area.b
https://raw.githubusercontent.com/phuclevinh2000/CodeAbbey/master/Triangle%20Area.c
https://raw.githubusercontent.com/lagenorhynque/PythagoreanTripleGenerator/master/pythagorean_triple_generator.clj
https://gist.githubusercontent.com/brentropy/7090169/raw/a1f3b297b98540343f58a5150812f8cd75ce295d/pascals-triangle.coffee
https://raw.githubusercontent.com/mmp/pbrt-v3/master/src/shapes/triangle.cpp
https://raw.githubusercontent.com/AleksandrSD/CodeAbbeyProblems/master/Problem104/Program.cs
https://raw.githubusercontent.com/giovanaraphaelli/pythagoras-calculator/main/src/App.css
https://raw.githubusercontent.com/pastelito02/Challenges-sol/master/Programming/Codeabbey/104/Ratzenfutz.d
https://gist.githubusercontent.com/simoales/2b2b7913b06a7cfd73850d10e2ec5721/raw/d3fb5f8b50e265f6fb804fd7822577d5343fb73d/area_calculator.dart
https://raw.githubusercontent.com/boryssemeniuk/Triangle/master/triangle.dpr
https://raw.githubusercontent.com/bsouthga/pythagoras-fractal/master/src/Pythagoras.elm
https://raw.githubusercontent.com/oreillymedia/etudes-for-elixir/master/code/ch03-01/geom.ex
https://raw.githubusercontent.com/sasa1977/pythagoras_tree/master/mix.exs
https://raw.githubusercontent.com/Karly-Mantilla/codeabbey-external-solutions/master/104-area-of-a-triangle/104-triangle-area.f
https://raw.githubusercontent.com/pclumson/FORTRAN/main/trangle.f90
https://raw.githubusercontent.com/aditi0009/Triangle_area/master/triangle_area.f95
https://raw.githubusercontent.com/Planet-Source-Code/shark-pythagorean-triples-enhanced__1-53571/master/p4.frm
https://raw.githubusercontent.com/JonathanTripp/fsharp_fable_pythagoras_tree/master/src/App.fs
https://raw.githubusercontent.com/danielbank/pythagoras/main/model/A.gcode
https://raw.githubusercontent.com/pastelito02/Challenges-sol/master/Programming/Codeabbey/104/ASuleymanov.go
https://gist.githubusercontent.com/alecwalsh/1057564/raw/31f3566b7d86e825baad1874c7158f5b0004662a/triangle_area.h
https://raw.githubusercontent.com/pastelito02/Challenges-sol/master/Programming/Codeabbey/104/bratpiorka.hs
https://raw.githubusercontent.com/shirshakmaurya/do-you-know-triangles/main/calculatearea.html
https://raw.githubusercontent.com/sergei-romanenko/idris2-Pythagoras/master/Coquand/Theorem.idr
https://raw.githubusercontent.com/BrianGMcEnery/pythagorean-triples/main/notebooks/PythagoreanTriples.ipynb
https://raw.githubusercontent.com/ImEngineerDew/JavaFiles/master/Challenges/CodeAbbey/number104/src/triangleArea.java
https://raw.githubusercontent.com/pastelito02/Challenges-sol/master/Programming/Codeabbey/104/alemelis.jl
https://raw.githubusercontent.com/mapbox/earcut/master/src/earcut.js
https://raw.githubusercontent.com/Ramarren/cl-geometry/master/package.lisp
https://raw.githubusercontent.com/Karly-Mantilla/codeabbey-external-solutions/master/104-area-of-a-triangle/104-triangle-area.lsp
https://raw.githubusercontent.com/pastelito02/Challenges-sol/master/Programming/Codeabbey/104/pach092.lua
https://raw.githubusercontent.com/raphi011/evc/master/1/Triangles.m
https://raw.githubusercontent.com/hyphenrf/pythagoras/master/main.ml
https://raw.githubusercontent.com/sblendorio/pythagorean-triples/master/source/pythagor.mod
https://raw.githubusercontent.com/ISS-RabbitEars/pythagorean_triples_mathematica/main/pythtrip.nb
https://raw.githubusercontent.com/Karly-Mantilla/codeabbey-external-solutions/master/104-area-of-a-triangle/104-triangle-area.ocaml
https://raw.githubusercontent.com/LucasSusin/Math-Physics-Program/master/PrjFinal/UntMath.pas
https://raw.githubusercontent.com/Simonecimolato/Triples/master/pitagora.pde
https://raw.githubusercontent.com/pastelito02/Challenges-sol/master/Programming/Codeabbey/104/Dant12345.php
https://raw.githubusercontent.com/MathewLister/Prolog-Triangle-Calculations/master/triangle.pl
https://raw.githubusercontent.com/ValeWasTaken/CodeAbbey_Solutions/master/Python/id104-Triangle_Area.py
https://raw.githubusercontent.com/geekkuldeep/djangoPro/0a6c329c997a935f14c9c09c26590d1c5cb56bc8/Cython-0.28.1/tests/run/pure.pyx
https://raw.githubusercontent.com/pastelito02/Challenges-sol/master/Programming/Codeabbey/104/agraham943.rb
https://raw.githubusercontent.com/vladzinca/pythagorean-triples/main/etapa4/ppt.rkt
https://raw.githubusercontent.com/Bcpoole/rust-opengl-triangle/master/src/triangle.rs
https://raw.githubusercontent.com/Karly-Mantilla/codeabbey-external-solutions/master/104-area-of-a-triangle/104-triangle-area.sa
https://raw.githubusercontent.com/Dmytry/Pythagoras/main/mechanics/pythagoras/bamboo_arm.scad
https://gist.githubusercontent.com/mmakowski/379028/raw/51a452c48db5f94fce369e2e5ead0ba98bc45d75/AreaCalculator.scala
https://raw.githubusercontent.com/NaveenJanarthanan/SchemeProgram/master/threepoints.scm
https://raw.githubusercontent.com/Karly-Mantilla/codeabbey-external-solutions/master/198-string-to-hex/198-prn-hex-str.sln
https://raw.githubusercontent.com/Karly-Mantilla/codeabbey-external-solutions/master/104-area-of-a-triangle/104-triangle-area.swift
https://raw.githubusercontent.com/Mathaholics/Inverse-Pythagoras-Theorem/main/main.tex
https://raw.githubusercontent.com/basit21740/ics4u-assigment04-ts/main/src/TriangleClassFile.ts
https://raw.githubusercontent.com/Karly-Mantilla/codeabbey-external-solutions/master/104-area-of-a-triangle/104-triangle-area.vb
https://raw.githubusercontent.com/nllptr/triangles-vue/master/src/App.vue
